// Jest Snapshot v1, https://goo.gl/fbAQLP

exports[`renders correctly 1`] = `
Array [
  <label
    htmlFor=""
  />,
  <input
    id=""
    onChange={[Function]}
    type="number"
    value={0}
  />,
]
`;
